Microchip MPLAB XC8 Compiler V1.35 ()

Linker command line:

--edf=C:\Program Files (x86)\Microchip\xc8\v1.35\dat\en_msgs.txt -cs \
  -h+dist/default/production\Open_Loop_Motor_Control.X.production.sym \
  --cmf=dist/default/production\Open_Loop_Motor_Control.X.production.cmf -z \
  -Q18F4520 -oC:\Users\TOMMYS~1\AppData\Local\Temp\s6t0.2 \
  -Mdist/default/production/Open_Loop_Motor_Control.X.production.map -E1 \
  -ver=XC8 -ASTACK=080h-05ffh -pstack=STACK -ACODE=00h-07FFFh \
  -ACONST=00h-07FFFh -ASMALLCONST=0600h-06FFhx122 \
  -AMEDIUMCONST=0600h-07FFFh -ACOMRAM=01h-07Fh -AABS1=00h-05FFh \
  -ABIGRAM=01h-05FFh -ARAM=080h-0FFh,0100h-01FFhx5 -ABANK0=080h-0FFh \
  -ABANK1=0100h-01FFh -ABANK2=0200h-02FFh -ABANK3=0300h-03FFh \
  -ABANK4=0400h-04FFh -ABANK5=0500h-05FFh -ASFR=0F80h-0FFFh \
  -preset_vec=00h,intcode=08h,intcodelo,powerup,init,end_init \
  -pramtop=0600h -psmallconst=SMALLCONST -pmediumconst=MEDIUMCONST \
  -pconst=CONST -AFARRAM=00h-00h -ACONFIG=0300000h-030000Dh -pconfig=CONFIG \
  -AIDLOC=0200000h-0200007h -pidloc=IDLOC -AEEDATA=0F00000h-0F000FFh \
  -peeprom_data=EEDATA \
  -prdata=COMRAM,nvrram=COMRAM,nvbit=COMRAM,rbss=COMRAM,rbit=COMRAM \
  -pfarbss=FARRAM,fardata=FARRAM,nvFARRAM=FARRAM \
  -pintsave_regs=BIGRAM,bigbss=BIGRAM,bigdata=BIGRAM -pbss=RAM \
  -pidata=CODE,irdata=CODE,ibigdata=CODE,ifardata=CODE -prparam=COMRAM \
  C:\Users\TOMMYS~1\AppData\Local\Temp\s6t0.obj \
  dist/default/production\Open_Loop_Motor_Control.X.production.obj 

Object code version is 3.11

Machine type is 18F4520

Call graph: (short form)




                Name                               Link     Load   Length Selector   Space Scale
C:\Users\TOMMYS~1\AppData\Local\Temp\s6t0.obj
                end_init                             16       16        4        4       0
                reset_vec                             0        0        4        0       0
                idloc                            200000   200000        8   200000       0
                config                           300000   300000        E   300000       0
dist/default/production\Open_Loop_Motor_Control.X.production.obj
                intcode                               8        8        E        4       0
                temp                                 4C       4C        1        1       1
                smallconst                          600      600       14      300       0
                intcode_body                        8B8      8B8       8E      30A       0
                text13                              C7C      C7C       20      30A       0
                text12                              B82      B82       52      30A       0
                text11                              AC4      AC4       6A      30A       0
                text10                              7BC      7BC       FC      30A       0
                text9                               CDA      CDA        E      30A       0
                text8                               C9C      C9C       1A      30A       0
                text7                               9D0      9D0       84      30A       0
                text6                               A54      A54       70      30A       0
                text5                               CCC      CCC        E      30A       0
                text4                               946      946       8A      30A       0
                text3                               B2E      B2E       54      30A       0
                text2                               C4E      C4E       2E      30A       0
                text1                               BD4      BD4       42      30A       0
                text0                               614      614      1A8      30A       0
                cstackCOMRAM                          1        1       32        1       1
                dataCOMRAM                           33       33       16        1       1
                bssCOMRAM                            49       49        3        1       1
                cinit                               C16      C16       38      30A       0
                idataCOMRAM                         CB6      CB6       16      30A       0

TOTAL           Name                               Link     Load   Length     Space
        CLASS   STACK          

        CLASS   CODE           
                end_init                             16       16        4         0
                intcode                               8        8        E         0
                reset_vec                             0        0        4         0
                intcode_body                        8B8      8B8       8E         0
                text13                              C7C      C7C       20         0
                text12                              B82      B82       52         0
                text11                              AC4      AC4       6A         0
                text10                              7BC      7BC       FC         0
                text9                               CDA      CDA        E         0
                text8                               C9C      C9C       1A         0
                text7                               9D0      9D0       84         0
                text6                               A54      A54       70         0
                text5                               CCC      CCC        E         0
                text4                               946      946       8A         0
                text3                               B2E      B2E       54         0
                text2                               C4E      C4E       2E         0
                text1                               BD4      BD4       42         0
                text0                               614      614      1A8         0
                cinit                               C16      C16       38         0
                idataCOMRAM                         CB6      CB6       16         0

        CLASS   CONST          

        CLASS   SMALLCONST     
                smallconst                          600      600       14         0

        CLASS   MEDIUMCONST    

        CLASS   COMRAM         
                temp                                 4C       4C        1         1
                cstackCOMRAM                          1        1       32         1
                dataCOMRAM                           33       33       16         1
                bssCOMRAM                            49       49        3         1

        CLASS   ABS1           

        CLASS   BIGRAM         

        CLASS   RAM            

        CLASS   BANK0          

        CLASS   BANK1          

        CLASS   BANK2          

        CLASS   BANK3          

        CLASS   BANK4          

        CLASS   BANK5          

        CLASS   SFR            

        CLASS   FARRAM         

        CLASS   CONFIG         
                config                           300000   300000        E         0

        CLASS   IDLOC          
                idloc                            200000   200000        8         0

        CLASS   EEDATA         



SEGMENTS        Name                           Load    Length   Top    Selector   Space  Class

                reset_vec                      000000  000004  000004         0       0  CODE    
                cstackCOMRAM                   000001  00004C  00004D         1       1  COMRAM  
                intcode                        000008  000012  00001A         4       0  CODE    
                smallconst                     000600  000014  000614       300       0  SMALLCON
                text0                          000614  0006D4  000CE8       30A       0  CODE    
                idloc                          200000  000008  200008    200000       0  IDLOC   
                config                         300000  00000E  30000E    300000       0  CONFIG  


UNUSED ADDRESS RANGES

        Name                Unused          Largest block    Delta
        BANK0            000080-0000FF               80
        BANK1            000100-0001FF              100
        BANK2            000200-0002FF              100
        BANK3            000300-0003FF              100
        BANK4            000400-0004FF              100
        BANK5            000500-0005FF              100
        BIGRAM           00004D-0005FF              5B3
        CODE             000004-000007                4
                         00001A-0005FF              5E6
                         000CE8-007FFF             7318
        COMRAM           00004D-00007F               33
        CONST            000004-000007                4
                         00001A-0005FF              5E6
                         000CE8-007FFF             7318
        EEDATA           F00000-F000FF              100
        MEDIUMCONST      000CE8-007FFF             7318
        RAM              000080-0005FF              100
        SFR              000F80-000FFF               80
        SMALLCONST       000CE8-007FFF              100
        STACK            000080-0005FF              580

                                  Symbol Table

?___awdiv                   cstackCOMRAM 00000F
?___awmod                   cstackCOMRAM 00000F
?___ltdiv                   cstackCOMRAM 00000F
_CCP1CON                    (abs)        000FBD
_CCP2CON                    (abs)        000FBA
_CCPR1H                     (abs)        000FBF
_CCPR1L                     (abs)        000FBE
_CCPR2L                     (abs)        000FBB
_INTCONbits                 (abs)        000FF2
_ISR                        intcode      000008
_Initial                    text12       000B82
_LATDbits                   (abs)        000F8C
_Motor                      dataCOMRAM   000045
_OSCCONbits                 (abs)        000FD3
_PIE1bits                   (abs)        000F9D
_PIR1bits                   (abs)        000F9E
_PORTA                      (abs)        000F80
_PORTB                      (abs)        000F81
_PORTC                      (abs)        000F82
_PR2                        (abs)        000FCB
_Speed                      dataCOMRAM   000047
_T1CONbits                  (abs)        000FCD
_T2CON                      (abs)        000FCA
_TMR1H                      (abs)        000FCF
_TMR1L                      (abs)        000FCE
_TRISA                      (abs)        000F92
_TRISB                      (abs)        000F93
_TRISCbits                  (abs)        000F94
_TRISD                      (abs)        000F95
__CFG_BOREN$OFF             (abs)        000000
__CFG_BORV$3                (abs)        000000
__CFG_CCP2MX$PORTC          (abs)        000000
__CFG_CP0$OFF               (abs)        000000
__CFG_CP1$OFF               (abs)        000000
__CFG_CP2$OFF               (abs)        000000
__CFG_CP3$OFF               (abs)        000000
__CFG_CPB$OFF               (abs)        000000
__CFG_CPD$OFF               (abs)        000000
__CFG_EBTR0$OFF             (abs)        000000
__CFG_EBTR1$OFF             (abs)        000000
__CFG_EBTR2$OFF             (abs)        000000
__CFG_EBTR3$OFF             (abs)        000000
__CFG_EBTRB$OFF             (abs)        000000
__CFG_FCMEN$OFF             (abs)        000000
__CFG_IESO$OFF              (abs)        000000
__CFG_LPT1OSC$OFF           (abs)        000000
__CFG_LVP$OFF               (abs)        000000
__CFG_MCLRE$ON              (abs)        000000
__CFG_OSC$HS                (abs)        000000
__CFG_PBADEN$OFF            (abs)        000000
__CFG_PWRT$OFF              (abs)        000000
__CFG_STVREN$ON             (abs)        000000
__CFG_WDT$OFF               (abs)        000000
__CFG_WDTPS$32768           (abs)        000000
__CFG_WRT0$OFF              (abs)        000000
__CFG_WRT1$OFF              (abs)        000000
__CFG_WRT2$OFF              (abs)        000000
__CFG_WRT3$OFF              (abs)        000000
__CFG_WRTB$OFF              (abs)        000000
__CFG_WRTC$OFF              (abs)        000000
__CFG_WRTD$OFF              (abs)        000000
__CFG_XINST$OFF             (abs)        000000
__HRAM                      (abs)        000000
__Habs1                     abs1         000000
__Hbank0                    bank0        000000
__Hbank1                    bank1        000000
__Hbank2                    bank2        000000
__Hbank3                    bank3        000000
__Hbank4                    bank4        000000
__Hbank5                    bank5        000000
__Hbigbss                   bigbss       000000
__Hbigdata                  bigdata      000000
__Hbigram                   bigram       000000
__Hbss                      bss          000000
__HbssCOMRAM                bssCOMRAM    000000
__Hcinit                    cinit        000000
__Hclrtext                  clrtext      000000
__Hcomram                   comram       000000
__Hconfig                   config       30000E
__Hconst                    const        000000
__HcstackCOMRAM             cstackCOMRAM 000000
__Hdata                     data         000000
__HdataCOMRAM               dataCOMRAM   000000
__Heeprom_data              eeprom_data  000000
__Hend_init                 end_init     00001A
__Hfarbss                   farbss       000000
__Hfardata                  fardata      000000
__Hibigdata                 ibigdata     000000
__Hidata                    idata        000000
__HidataCOMRAM              idataCOMRAM  000000
__Hidloc                    idloc        200008
__Hifardata                 ifardata     000000
__Hinit                     init         000016
__Hintcode                  intcode      000016
__Hintcode_body             intcode_body 000000
__Hintcodelo                intcodelo    000016
__Hintentry                 intentry     000000
__Hintret                   intret       000000
__Hintsave_regs             intsave_regs 000000
__Hirdata                   irdata       000000
__Hmediumconst              mediumconst  000000
__HnvFARRAM                 nvFARRAM     000000
__Hnvbit                    nvbit        000000
__Hnvrram                   nvrram       000000
__Hparam                    rparam       000000
__Hpowerup                  powerup      000016
__Hram                      ram          000000
__Hramtop                   ramtop       000600
__Hrbit                     rbit         000000
__Hrbss                     rbss         000000
__Hrdata                    rdata        000000
__Hreset_vec                reset_vec    000004
__Hrparam                   rparam       000000
__Hsfr                      sfr          000000
__Hsmallconst               smallconst   000614
__Hspace_0                  (abs)        30000E
__Hspace_1                  (abs)        00004D
__Hspace_2                  (abs)        000000
__Hstack                    stack        000000
__Hstruct                   struct       000000
__Htemp                     temp         00004D
__Htext                     text         000000
__Htext0                    text0        000000
__Htext1                    text1        000000
__Htext10                   text10       000000
__Htext11                   text11       000000
__Htext12                   text12       000000
__Htext13                   text13       000000
__Htext2                    text2        000000
__Htext3                    text3        000000
__Htext4                    text4        000000
__Htext5                    text5        000000
__Htext6                    text6        000000
__Htext7                    text7        000000
__Htext8                    text8        000000
__Htext9                    text9        000000
__LRAM                      (abs)        000001
__Labs1                     abs1         000000
__Lbank0                    bank0        000000
__Lbank1                    bank1        000000
__Lbank2                    bank2        000000
__Lbank3                    bank3        000000
__Lbank4                    bank4        000000
__Lbank5                    bank5        000000
__Lbigbss                   bigbss       000000
__Lbigdata                  bigdata      000000
__Lbigram                   bigram       000000
__Lbss                      bss          000000
__LbssCOMRAM                bssCOMRAM    000000
__Lcinit                    cinit        000000
__Lclrtext                  clrtext      000000
__Lcomram                   comram       000000
__Lconfig                   config       300000
__Lconst                    const        000000
__LcstackCOMRAM             cstackCOMRAM 000000
__Ldata                     data         000000
__LdataCOMRAM               dataCOMRAM   000000
__Leeprom_data              eeprom_data  000000
__Lend_init                 end_init     000016
__Lfarbss                   farbss       000000
__Lfardata                  fardata      000000
__Libigdata                 ibigdata     000000
__Lidata                    idata        000000
__LidataCOMRAM              idataCOMRAM  000000
__Lidloc                    idloc        200000
__Lifardata                 ifardata     000000
__Linit                     init         000016
__Lintcode                  intcode      000008
__Lintcode_body             intcode_body 000000
__Lintcodelo                intcodelo    000016
__Lintentry                 intentry     000000
__Lintret                   intret       000000
__Lintsave_regs             intsave_regs 000000
__Lirdata                   irdata       000000
__Lmediumconst              mediumconst  000000
__LnvFARRAM                 nvFARRAM     000000
__Lnvbit                    nvbit        000000
__Lnvrram                   nvrram       000000
__Lparam                    rparam       000000
__Lpowerup                  powerup      000016
__Lram                      ram          000000
__Lramtop                   ramtop       000600
__Lrbit                     rbit         000000
__Lrbss                     rbss         000000
__Lrdata                    rdata        000000
__Lreset_vec                reset_vec    000000
__Lrparam                   rparam       000000
__Lsfr                      sfr          000000
__Lsmallconst               smallconst   000600
__Lspace_0                  (abs)        000000
__Lspace_1                  (abs)        000000
__Lspace_2                  (abs)        000000
__Lstack                    stack        000000
__Lstruct                   struct       000000
__Ltemp                     temp         00004C
__Ltext                     text         000000
__Ltext0                    text0        000000
__Ltext1                    text1        000000
__Ltext10                   text10       000000
__Ltext11                   text11       000000
__Ltext12                   text12       000000
__Ltext13                   text13       000000
__Ltext2                    text2        000000
__Ltext3                    text3        000000
__Ltext4                    text4        000000
__Ltext5                    text5        000000
__Ltext6                    text6        000000
__Ltext7                    text7        000000
__Ltext8                    text8        000000
__Ltext9                    text9        000000
__S0                        (abs)        30000E
__S1                        (abs)        00004D
__S2                        (abs)        000000
___awdiv                    text7        0009D0
___awdiv@counter            cstackCOMRAM 000013
___awdiv@dividend           cstackCOMRAM 00000F
___awdiv@divisor            cstackCOMRAM 000011
___awdiv@quotient           cstackCOMRAM 000015
___awdiv@sign               cstackCOMRAM 000014
___awmod                    text6        000A54
___awmod@counter            cstackCOMRAM 000013
___awmod@dividend           cstackCOMRAM 00000F
___awmod@divisor            cstackCOMRAM 000011
___awmod@sign               cstackCOMRAM 000014
___inthi_sp                 stack        000000
___intlo_sp                 stack        000000
___ltdiv                    text11       000AC4
___ltdiv@counter            cstackCOMRAM 000018
___ltdiv@dividend           cstackCOMRAM 00000F
___ltdiv@divisor            cstackCOMRAM 000012
___ltdiv@quotient           cstackCOMRAM 000015
___param_bank               (abs)        000010
___rparam_used              (abs)        000001
___sp                       stack        000000
__accesstop                 (abs)        000080
__activetblptr              (abs)        000001
__end_of_ISR                intcode_body 000946
__end_of_Initial            text12       000BD4
__end_of___awdiv            text7        000A54
__end_of___awmod            text6        000AC4
__end_of___ltdiv            text11       000B2E
__end_of__initialization    cinit        000C3C
__end_of_delay_1s           text13       000C9C
__end_of_lcd_clear          text2        000C7C
__end_of_lcd_command        text9        000CE8
__end_of_lcd_cursor         text8        000CB6
__end_of_lcd_display_value  text4        0009D0
__end_of_lcd_init           smallconst   000606
__end_of_lcd_print          text3        000B82
__end_of_lcd_print_ch       text5        000CDA
__end_of_lcd_raw_send       text10       0008B8
__end_of_lcd_start          text1        000C16
__end_of_main               text0        0007BC
__initialization            cinit        000C16
__mediumconst               mediumconst  000000
__pbssCOMRAM                bssCOMRAM    000049
__pcinit                    cinit        000C16
__pcstackCOMRAM             cstackCOMRAM 000001
__pdataCOMRAM               dataCOMRAM   000033
__pidataCOMRAM              idataCOMRAM  000CB6
__pintcode                  intcode      000008
__pintcode_body             intcode_body 0008B8
__psmallconst               smallconst   000600
__ptext0                    text0        000614
__ptext1                    text1        000BD4
__ptext10                   text10       0007BC
__ptext11                   text11       000AC4
__ptext12                   text12       000B82
__ptext13                   text13       000C7C
__ptext2                    text2        000C4E
__ptext3                    text3        000B2E
__ptext4                    text4        000946
__ptext5                    text5        000CCC
__ptext6                    text6        000A54
__ptext7                    text7        0009D0
__ptext8                    text8        000C9C
__ptext9                    text9        000CDA
__ramtop                    ramtop       000600
__size_of_ISR               (abs)        000000
__size_of_Initial           (abs)        000000
__size_of___awdiv           (abs)        000000
__size_of___awmod           (abs)        000000
__size_of___ltdiv           (abs)        000000
__size_of_delay_1s          (abs)        000000
__size_of_lcd_clear         (abs)        000000
__size_of_lcd_command       (abs)        000000
__size_of_lcd_cursor        (abs)        000000
__size_of_lcd_display_value (abs)        000000
__size_of_lcd_print         (abs)        000000
__size_of_lcd_print_ch      (abs)        000000
__size_of_lcd_raw_send      (abs)        000000
__size_of_lcd_start         (abs)        000000
__size_of_main              (abs)        000000
__smallconst                smallconst   000600
_captured                   bssCOMRAM    000049
_delay_1s                   text13       000C7C
_i                          bssCOMRAM    00004B
_lcd_clear                  text2        000C4E
_lcd_command                text9        000CDA
_lcd_cursor                 text8        000C9C
_lcd_display_value          text4        000946
_lcd_init                   smallconst   000601
_lcd_print                  text3        000B2E
_lcd_print_ch               text5        000CCC
_lcd_raw_send               text10       0007BC
_lcd_start                  text1        000BD4
_main                       text0        000614
btemp                       temp         00004C
delay_1s@i                  cstackCOMRAM 000010
end_of_initialization       cinit        000C3C
int$flags                   temp         00004C
int_func                    intcode_body 0008B8
intlevel0                   text         000000
intlevel1                   text         000000
intlevel2                   text         000000
intlevel3                   text         000000
lcd_command@in              cstackCOMRAM 000013
lcd_cursor@x                cstackCOMRAM 000015
lcd_cursor@y                cstackCOMRAM 000014
lcd_display_value@hunds     cstackCOMRAM 000017
lcd_display_value@tens      cstackCOMRAM 000018
lcd_display_value@units     cstackCOMRAM 000019
lcd_display_value@value     cstackCOMRAM 00001A
lcd_print@i                 cstackCOMRAM 000018
lcd_print@mess              cstackCOMRAM 000014
lcd_print_ch@in             cstackCOMRAM 000013
lcd_raw_send@RS             cstackCOMRAM 00000F
lcd_raw_send@in             cstackCOMRAM 000012
lcd_start@i                 cstackCOMRAM 000016
main@F3367                  dataCOMRAM   000033
main@duty                   cstackCOMRAM 00001B
main@p                      cstackCOMRAM 000032
main@rev_s                  cstackCOMRAM 000030
main@tclk                   cstackCOMRAM 00002D
stackhi                     (abs)        0005FF
stacklo                     (abs)        000080
start                       init         000016
start_initialization        cinit        000C16


FUNCTION INFORMATION:

 *************** function _main *****************
 Defined at:
		line 74 in file "Motor_Control_4tab.c"
 Parameters:    Size  Location     Type
		None
 Auto vars:     Size  Location     Type
  duty           18   26[COMRAM] unsigned char [18]
  tclk            3   44[COMRAM] unsigned um
  rev_s           2   47[COMRAM] unsigned int 
  p               1   49[COMRAM] unsigned char 
 Return value:  Size  Location     Type
		None               void
 Registers used:
		wreg, fsr1l, fsr1h, fsr2l, fsr2h, status,2, status,0, tblptrl, tblptrh, tblptru, prodl, prodh, cstack
 Tracked objects:
		On entry : 
		On exit  : 
		Unchanged: 
 Data sizes:     COMRAM   BANK0   BANK1   BANK2   BANK3   BANK4   BANK5
      Params:         0       0       0       0       0       0       0
      Locals:        24       0       0       0       0       0       0
      Temps:          0       0       0       0       0       0       0
      Totals:        24       0       0       0       0       0       0
Total ram usage:       24 bytes
 Hardware stack levels required when called:    5
 This function calls:
		_Initial
		___ltdiv
		_delay_1s
		_lcd_cursor
		_lcd_display_value
		_lcd_print
		_lcd_start
 This function is called by:
		Startup code after reset
 This function uses a non-reentrant model


 *************** function _lcd_start *****************
 Defined at:
		line 189 in file "../../LCD_library/lcdlib_2016.c"
 Parameters:    Size  Location     Type
		None
 Auto vars:     Size  Location     Type
  i               1   21[COMRAM] unsigned char 
  t               1    0        unsigned char 
 Return value:  Size  Location     Type
                  1    wreg      unsigned char 
 Registers used:
		wreg, status,2, status,0, tblptrl, tblptrh, tblptru, prodl, prodh, cstack
 Tracked objects:
		On entry : 
		On exit  : 
		Unchanged: 
 Data sizes:     COMRAM   BANK0   BANK1   BANK2   BANK3   BANK4   BANK5
      Params:         0       0       0       0       0       0       0
      Locals:         1       0       0       0       0       0       0
      Temps:          1       0       0       0       0       0       0
      Totals:         2       0       0       0       0       0       0
Total ram usage:        2 bytes
 Hardware stack levels used:    1
 Hardware stack levels required when called:    4
 This function calls:
		_lcd_clear
		_lcd_command
 This function is called by:
		_main
 This function uses a non-reentrant model


 *************** function _lcd_clear *****************
 Defined at:
		line 131 in file "../../LCD_library/lcdlib_2016.c"
 Parameters:    Size  Location     Type
		None
 Auto vars:     Size  Location     Type
		None
 Return value:  Size  Location     Type
                  1    wreg      unsigned char 
 Registers used:
		wreg, status,2, status,0, cstack
 Tracked objects:
		On entry : 
		On exit  : 
		Unchanged: 
 Data sizes:     COMRAM   BANK0   BANK1   BANK2   BANK3   BANK4   BANK5
      Params:         0       0       0       0       0       0       0
      Locals:         0       0       0       0       0       0       0
      Temps:          1       0       0       0       0       0       0
      Totals:         1       0       0       0       0       0       0
Total ram usage:        1 bytes
 Hardware stack levels used:    1
 Hardware stack levels required when called:    3
 This function calls:
		_lcd_command
 This function is called by:
		_lcd_start
 This function uses a non-reentrant model


 *************** function _lcd_print *****************
 Defined at:
		line 215 in file "../../LCD_library/lcdlib_2016.c"
 Parameters:    Size  Location     Type
  mess            2   19[COMRAM] PTR const unsigned char 
		 -> STR_2(6), STR_1(7), 
 Auto vars:     Size  Location     Type
  i               1   23[COMRAM] unsigned char 
 Return value:  Size  Location     Type
                  1    wreg      unsigned char 
 Registers used:
		wreg, status,2, status,0, tblptrl, tblptrh, tblptru, prodl, prodh, cstack
 Tracked objects:
		On entry : 
		On exit  : 
		Unchanged: 
 Data sizes:     COMRAM   BANK0   BANK1   BANK2   BANK3   BANK4   BANK5
      Params:         2       0       0       0       0       0       0
      Locals:         1       0       0       0       0       0       0
      Temps:          2       0       0       0       0       0       0
      Totals:         5       0       0       0       0       0       0
Total ram usage:        5 bytes
 Hardware stack levels used:    1
 Hardware stack levels required when called:    3
 This function calls:
		_lcd_print_ch
 This function is called by:
		_main
 This function uses a non-reentrant model


 *************** function _lcd_display_value *****************
 Defined at:
		line 244 in file "../../LCD_library/lcdlib_2016.c"
 Parameters:    Size  Location     Type
  value           1    wreg     unsigned char 
 Auto vars:     Size  Location     Type
  value           1   25[COMRAM] unsigned char 
  units           1   24[COMRAM] unsigned char 
  tens            1   23[COMRAM] unsigned char 
  hunds           1   22[COMRAM] unsigned char 
 Return value:  Size  Location     Type
		None               void
 Registers used:
		wreg, status,2, status,0, cstack
 Tracked objects:
		On entry : 
		On exit  : 
		Unchanged: 
 Data sizes:     COMRAM   BANK0   BANK1   BANK2   BANK3   BANK4   BANK5
      Params:         0       0       0       0       0       0       0
      Locals:         4       0       0       0       0       0       0
      Temps:          0       0       0       0       0       0       0
      Totals:         4       0       0       0       0       0       0
Total ram usage:        4 bytes
 Hardware stack levels used:    1
 Hardware stack levels required when called:    3
 This function calls:
		___awdiv
		___awmod
		_lcd_print_ch
 This function is called by:
		_main
 This function uses a non-reentrant model


 *************** function _lcd_print_ch *****************
 Defined at:
		line 115 in file "../../LCD_library/lcdlib_2016.c"
 Parameters:    Size  Location     Type
  in              1    wreg     unsigned char 
 Auto vars:     Size  Location     Type
  in              1   18[COMRAM] unsigned char 
 Return value:  Size  Location     Type
                  1    wreg      unsigned char 
 Registers used:
		wreg, status,2, status,0, cstack
 Tracked objects:
		On entry : 
		On exit  : 
		Unchanged: 
 Data sizes:     COMRAM   BANK0   BANK1   BANK2   BANK3   BANK4   BANK5
      Params:         0       0       0       0       0       0       0
      Locals:         1       0       0       0       0       0       0
      Temps:          0       0       0       0       0       0       0
      Totals:         1       0       0       0       0       0       0
Total ram usage:        1 bytes
 Hardware stack levels used:    1
 Hardware stack levels required when called:    2
 This function calls:
		_lcd_raw_send
 This function is called by:
		_lcd_print
		_lcd_display_value
		_lcd_display_int_value
 This function uses a non-reentrant model


 *************** function ___awmod *****************
 Defined at:
		line 8 in file "C:\Program Files (x86)\Microchip\xc8\v1.35\sources\common\awmod.c"
 Parameters:    Size  Location     Type
  dividend        2   14[COMRAM] int 
  divisor         2   16[COMRAM] int 
 Auto vars:     Size  Location     Type
  sign            1   19[COMRAM] unsigned char 
  counter         1   18[COMRAM] unsigned char 
 Return value:  Size  Location     Type
                  2   14[COMRAM] int 
 Registers used:
		wreg, status,2, status,0
 Tracked objects:
		On entry : 
		On exit  : 
		Unchanged: 
 Data sizes:     COMRAM   BANK0   BANK1   BANK2   BANK3   BANK4   BANK5
      Params:         4       0       0       0       0       0       0
      Locals:         2       0       0       0       0       0       0
      Temps:          0       0       0       0       0       0       0
      Totals:         6       0       0       0       0       0       0
Total ram usage:        6 bytes
 Hardware stack levels used:    1
 Hardware stack levels required when called:    1
 This function calls:
		Nothing
 This function is called by:
		_lcd_display_value
 This function uses a non-reentrant model


 *************** function ___awdiv *****************
 Defined at:
		line 8 in file "C:\Program Files (x86)\Microchip\xc8\v1.35\sources\common\awdiv.c"
 Parameters:    Size  Location     Type
  dividend        2   14[COMRAM] int 
  divisor         2   16[COMRAM] int 
 Auto vars:     Size  Location     Type
  quotient        2   20[COMRAM] int 
  sign            1   19[COMRAM] unsigned char 
  counter         1   18[COMRAM] unsigned char 
 Return value:  Size  Location     Type
                  2   14[COMRAM] int 
 Registers used:
		wreg, status,2, status,0
 Tracked objects:
		On entry : 
		On exit  : 
		Unchanged: 
 Data sizes:     COMRAM   BANK0   BANK1   BANK2   BANK3   BANK4   BANK5
      Params:         4       0       0       0       0       0       0
      Locals:         4       0       0       0       0       0       0
      Temps:          0       0       0       0       0       0       0
      Totals:         8       0       0       0       0       0       0
Total ram usage:        8 bytes
 Hardware stack levels used:    1
 Hardware stack levels required when called:    1
 This function calls:
		Nothing
 This function is called by:
		_lcd_display_value
 This function uses a non-reentrant model


 *************** function _lcd_cursor *****************
 Defined at:
		line 144 in file "../../LCD_library/lcdlib_2016.c"
 Parameters:    Size  Location     Type
  x               1    wreg     unsigned char 
  y               1   19[COMRAM] unsigned char 
 Auto vars:     Size  Location     Type
  x               1   20[COMRAM] unsigned char 
 Return value:  Size  Location     Type
                  1    wreg      unsigned char 
 Registers used:
		wreg, status,2, status,0, cstack
 Tracked objects:
		On entry : 
		On exit  : 
		Unchanged: 
 Data sizes:     COMRAM   BANK0   BANK1   BANK2   BANK3   BANK4   BANK5
      Params:         1       0       0       0       0       0       0
      Locals:         1       0       0       0       0       0       0
      Temps:          0       0       0       0       0       0       0
      Totals:         2       0       0       0       0       0       0
Total ram usage:        2 bytes
 Hardware stack levels used:    1
 Hardware stack levels required when called:    3
 This function calls:
		_lcd_command
 This function is called by:
		_main
 This function uses a non-reentrant model


 *************** function _lcd_command *****************
 Defined at:
		line 123 in file "../../LCD_library/lcdlib_2016.c"
 Parameters:    Size  Location     Type
  in              1    wreg     unsigned char 
 Auto vars:     Size  Location     Type
  in              1   18[COMRAM] unsigned char 
 Return value:  Size  Location     Type
		None               void
 Registers used:
		wreg, status,2, status,0, cstack
 Tracked objects:
		On entry : 
		On exit  : 
		Unchanged: 
 Data sizes:     COMRAM   BANK0   BANK1   BANK2   BANK3   BANK4   BANK5
      Params:         0       0       0       0       0       0       0
      Locals:         1       0       0       0       0       0       0
      Temps:          0       0       0       0       0       0       0
      Totals:         1       0       0       0       0       0       0
Total ram usage:        1 bytes
 Hardware stack levels used:    1
 Hardware stack levels required when called:    2
 This function calls:
		_lcd_raw_send
 This function is called by:
		_lcd_clear
		_lcd_cursor
		_lcd_start
		_lcd_cursor_on
		_lcd_cursor_off
 This function uses a non-reentrant model


 *************** function _lcd_raw_send *****************
 Defined at:
		line 74 in file "../../LCD_library/lcdlib_2016.c"
 Parameters:    Size  Location     Type
  in              1    wreg     unsigned char 
  RS              1   14[COMRAM] unsigned char 
 Auto vars:     Size  Location     Type
  in              1   17[COMRAM] unsigned char 
 Return value:  Size  Location     Type
		None               void
 Registers used:
		wreg, status,2, status,0
 Tracked objects:
		On entry : 
		On exit  : 
		Unchanged: 
 Data sizes:     COMRAM   BANK0   BANK1   BANK2   BANK3   BANK4   BANK5
      Params:         1       0       0       0       0       0       0
      Locals:         1       0       0       0       0       0       0
      Temps:          2       0       0       0       0       0       0
      Totals:         4       0       0       0       0       0       0
Total ram usage:        4 bytes
 Hardware stack levels used:    1
 Hardware stack levels required when called:    1
 This function calls:
		Nothing
 This function is called by:
		_lcd_print_ch
		_lcd_command
 This function uses a non-reentrant model


 *************** function ___ltdiv *****************
 Defined at:
		line 8 in file "C:\Program Files (x86)\Microchip\xc8\v1.35\sources\common\ltdiv.c"
 Parameters:    Size  Location     Type
  dividend        3   14[COMRAM] unsigned um
  divisor         3   17[COMRAM] unsigned um
 Auto vars:     Size  Location     Type
  quotient        3   20[COMRAM] unsigned um
  counter         1   23[COMRAM] unsigned char 
 Return value:  Size  Location     Type
                  3   14[COMRAM] unsigned um
 Registers used:
		wreg, status,2, status,0
 Tracked objects:
		On entry : 
		On exit  : 
		Unchanged: 
 Data sizes:     COMRAM   BANK0   BANK1   BANK2   BANK3   BANK4   BANK5
      Params:         6       0       0       0       0       0       0
      Locals:         4       0       0       0       0       0       0
      Temps:          0       0       0       0       0       0       0
      Totals:        10       0       0       0       0       0       0
Total ram usage:       10 bytes
 Hardware stack levels used:    1
 Hardware stack levels required when called:    1
 This function calls:
		Nothing
 This function is called by:
		_main
 This function uses a non-reentrant model


 *************** function _Initial *****************
 Defined at:
		line 146 in file "Motor_Control_4tab.c"
 Parameters:    Size  Location     Type
		None
 Auto vars:     Size  Location     Type
		None
 Return value:  Size  Location     Type
		None               void
 Registers used:
		wreg, status,2, status,0, cstack
 Tracked objects:
		On entry : 
		On exit  : 
		Unchanged: 
 Data sizes:     COMRAM   BANK0   BANK1   BANK2   BANK3   BANK4   BANK5
      Params:         0       0       0       0       0       0       0
      Locals:         0       0       0       0       0       0       0
      Temps:          0       0       0       0       0       0       0
      Totals:         0       0       0       0       0       0       0
Total ram usage:        0 bytes
 Hardware stack levels used:    1
 Hardware stack levels required when called:    2
 This function calls:
		_delay_1s
 This function is called by:
		_main
 This function uses a non-reentrant model


 *************** function _delay_1s *****************
 Defined at:
		line 187 in file "Motor_Control_4tab.c"
 Parameters:    Size  Location     Type
		None
 Auto vars:     Size  Location     Type
  i               1   15[COMRAM] unsigned char 
 Return value:  Size  Location     Type
		None               void
 Registers used:
		wreg, status,2, status,0
 Tracked objects:
		On entry : 
		On exit  : 
		Unchanged: 
 Data sizes:     COMRAM   BANK0   BANK1   BANK2   BANK3   BANK4   BANK5
      Params:         0       0       0       0       0       0       0
      Locals:         1       0       0       0       0       0       0
      Temps:          1       0       0       0       0       0       0
      Totals:         2       0       0       0       0       0       0
Total ram usage:        2 bytes
 Hardware stack levels used:    1
 Hardware stack levels required when called:    1
 This function calls:
		Nothing
 This function is called by:
		_main
		_Initial
 This function uses a non-reentrant model


 *************** function _ISR *****************
 Defined at:
		line 59 in file "Motor_Control_4tab.c"
 Parameters:    Size  Location     Type
		None
 Auto vars:     Size  Location     Type
		None
 Return value:  Size  Location     Type
		None               void
 Registers used:
		wreg, status,2, status,0
 Tracked objects:
		On entry : 
		On exit  : 
		Unchanged: 
 Data sizes:     COMRAM   BANK0   BANK1   BANK2   BANK3   BANK4   BANK5
      Params:         0       0       0       0       0       0       0
      Locals:         0       0       0       0       0       0       0
      Temps:         14       0       0       0       0       0       0
      Totals:        14       0       0       0       0       0       0
Total ram usage:       14 bytes
 Hardware stack levels used:    1
 This function calls:
		Nothing
 This function is called by:
		Interrupt level 2
 This function uses a non-reentrant model



MODULE INFORMATION

Module		Function		Class		Link	Load	Size
C:\Program Files (x86)\Microchip\xc8\v1.35\sources\common\ltdiv.c
		___ltdiv       		CODE           	0AC4	0000	107

C:\Program Files (x86)\Microchip\xc8\v1.35\sources\common\ltdiv.c estimated size: 107

C:\Program Files (x86)\Microchip\xc8\v1.35\sources\common\awdiv.c
		___awdiv       		CODE           	09D0	0000	133

C:\Program Files (x86)\Microchip\xc8\v1.35\sources\common\awdiv.c estimated size: 133

Motor_Control_4tab.c
		_ISR           		CODE           	0008	0000	157
		_main          		CODE           	0614	0000	425
		_Initial       		CODE           	0B82	0000	83
		_delay_1s      		CODE           	0C7C	0000	33

Motor_Control_4tab.c estimated size: 698

shared
		__initialization		CODE           	0C16	0000	39
		_lcd_init      		SMALLCONST     	0601	0000	6

shared estimated size: 45

C:\Program Files (x86)\Microchip\xc8\v1.35\sources\common\awmod.c
		___awmod       		CODE           	0A54	0000	113

C:\Program Files (x86)\Microchip\xc8\v1.35\sources\common\awmod.c estimated size: 113

../../LCD_library/lcdlib_2016.c
		_lcd_command   		CODE           	0CDA	0000	15
		_lcd_start     		CODE           	0BD4	0000	67
		_lcd_clear     		CODE           	0C4E	0000	47
		_lcd_display_value		CODE           	0946	0000	139
		_lcd_cursor    		CODE           	0C9C	0000	27
		_lcd_print     		CODE           	0B2E	0000	85
		_lcd_print_ch  		CODE           	0CCC	0000	15
		_lcd_raw_send  		CODE           	07BC	0000	253

../../LCD_library/lcdlib_2016.c estimated size: 648

